A51 MACRO ASSEMBLER  EXP6                                                                 10/20/2020 16:30:03 PAGE     1


MACRO ASSEMBLER A51 V8.2.7.0
OBJECT MODULE PLACED IN .\Objects\exp6.obj
ASSEMBLER INVOKED BY: D:\Keil_v5\C51\BIN\A51.EXE exp6.A51 SET(SMALL) DEBUG PRINT(.\Listings\exp6.lst) OBJECT(.\Objects\e
                      xp6.obj) EP

LOC  OBJ            LINE     SOURCE

0000                   1                             ORG     00H
0000 8003              2                             SJMP    MAIN
0003                   3                             ORG             03H
0003 8011              4                             SJMP    INT0_ISR
0005 75A881            5     MAIN:           MOV     IE, #10000001B
0008 758130            6                             MOV             SP, #30H
000B D288              7                             SETB    IT0                             ;Have this, falling edge; o
                             therwise, low level
000D 7400              8                             MOV             A, #00000000B
000F F590              9     LOOP:           MOV     P1, A
0011 112C             10                             CALL    DELAY
0013 F4               11                             CPL             A
0014 80F9             12                             SJMP    LOOP
0016 C0D0             13     INT0_ISR:       PUSH    PSW
0018 C0E0             14                             PUSH    ACC
001A D2D3             15                             SETB    RS0
001C 74FE             16                             MOV             A, #11111110B
001E 7818             17                             MOV             R0, #24
0020 F590             18     ROTATE_L:       MOV             P1, A
0022 112C             19                             CALL    DELAY
0024 23               20                             RL              A
0025 D8F9             21                             DJNZ    R0, ROTATE_L
0027 D0E0             22                             POP             ACC
0029 D0D0             23                             POP             PSW
002B 32               24                             RETI
002C 7FC8             25     DELAY:          MOV             R7, #200
002E 7EFA             26     D1:                     MOV             R6, #250
0030 DEFE             27                             DJNZ    R6, $
0032 DFFA             28                             DJNZ    R7, D1
0034 22               29                             RET
                      30                             END
A51 MACRO ASSEMBLER  EXP6                                                                 10/20/2020 16:30:03 PAGE     2

SYMBOL TABLE LISTING
------ ----- -------


N A M E             T Y P E  V A L U E   ATTRIBUTES

ACC. . . . . . . .  D ADDR   00E0H   A   
D1 . . . . . . . .  C ADDR   002EH   A   
DELAY. . . . . . .  C ADDR   002CH   A   
IE . . . . . . . .  D ADDR   00A8H   A   
INT0_ISR . . . . .  C ADDR   0016H   A   
IT0. . . . . . . .  B ADDR   0088H.0 A   
LOOP . . . . . . .  C ADDR   000FH   A   
MAIN . . . . . . .  C ADDR   0005H   A   
P1 . . . . . . . .  D ADDR   0090H   A   
PSW. . . . . . . .  D ADDR   00D0H   A   
ROTATE_L . . . . .  C ADDR   0020H   A   
RS0. . . . . . . .  B ADDR   00D0H.3 A   
SP . . . . . . . .  D ADDR   0081H   A   


REGISTER BANK(S) USED: 0 


ASSEMBLY COMPLETE.  0 WARNING(S), 0 ERROR(S)
