A51 MACRO ASSEMBLER  EXP6_ADVANCED                                                        10/20/2020 16:47:46 PAGE     1


MACRO ASSEMBLER A51 V8.2.7.0
OBJECT MODULE PLACED IN .\Objects\exp6_advanced.obj
ASSEMBLER INVOKED BY: D:\Keil_v5\C51\BIN\A51.EXE exp6_advanced.A51 SET(SMALL) DEBUG PRINT(.\Listings\exp6_advanced.lst) 
                      OBJECT(.\Objects\exp6_advanced.obj) EP

LOC  OBJ            LINE     SOURCE

0000                   1                             ORG     00H
0000 8013              2                             SJMP    MAIN
0003                   3                             ORG             03H
0003 8022              4                             SJMP    INT0_ISR
0013                   5                             ORG             13H
0013 8028              6                             SJMP    INT1_ISR
0015 75A885            7     MAIN:           MOV     IE, #10000101B
0018 75B804            8                             MOV             IP, #00000100B
001B 758130            9                             MOV             SP, #30H
001E 7400             10                             MOV             A, #00000000B
0020 F590             11     LOOP:           MOV     P1, A
0022 1153             12                             CALL    DELAY
0024 F4               13                             CPL             A
0025 80F9             14                             SJMP    LOOP
0027 C0D0             15     INT0_ISR:       PUSH    PSW
0029 C0E0             16                             PUSH    ACC
002B D2D3             17                             SETB    RS0
002D 74F0             18                             MOV             A, #11110000B
002F 7818             19                             MOV             R0, #24
0031 F590             20     ROTATE_L0:      MOV             P1, A
0033 1153             21                             CALL    DELAY
0035 23               22                             RL              A
0036 D8F9             23                             DJNZ    R0, ROTATE_L0
0038 D0E0             24                             POP             ACC
003A D0D0             25                             POP             PSW
003C 32               26                             RETI
003D C0D0             27     INT1_ISR:       PUSH    PSW
003F C0E0             28                             PUSH    ACC
0041 D2D4             29                             SETB    RS1
0043 74FE             30                             MOV             A, #11111110B
0045 7810             31                             MOV             R0,     #16
0047 F590             32     ROTATE_L1:      MOV             P1, A
0049 1153             33                             CALL    DELAY
004B 23               34                             RL              A
004C D8F9             35                             DJNZ    R0, ROTATE_L1
004E D0E0             36                             POP             ACC
0050 D0D0             37                             POP             PSW
0052 32               38                             RETI
0053 7FC8             39     DELAY:          MOV             R7, #200
0055 7EFA             40     D1:                     MOV             R6, #250
0057 DEFE             41                             DJNZ    R6, $
0059 DFFA             42                             DJNZ    R7, D1
005B 22               43                             RET
                      44                             END
A51 MACRO ASSEMBLER  EXP6_ADVANCED                                                        10/20/2020 16:47:46 PAGE     2

SYMBOL TABLE LISTING
------ ----- -------


N A M E             T Y P E  V A L U E   ATTRIBUTES

ACC. . . . . . . .  D ADDR   00E0H   A   
D1 . . . . . . . .  C ADDR   0055H   A   
DELAY. . . . . . .  C ADDR   0053H   A   
IE . . . . . . . .  D ADDR   00A8H   A   
INT0_ISR . . . . .  C ADDR   0027H   A   
INT1_ISR . . . . .  C ADDR   003DH   A   
IP . . . . . . . .  D ADDR   00B8H   A   
LOOP . . . . . . .  C ADDR   0020H   A   
MAIN . . . . . . .  C ADDR   0015H   A   
P1 . . . . . . . .  D ADDR   0090H   A   
PSW. . . . . . . .  D ADDR   00D0H   A   
ROTATE_L0. . . . .  C ADDR   0031H   A   
ROTATE_L1. . . . .  C ADDR   0047H   A   
RS0. . . . . . . .  B ADDR   00D0H.3 A   
RS1. . . . . . . .  B ADDR   00D0H.4 A   
SP . . . . . . . .  D ADDR   0081H   A   


REGISTER BANK(S) USED: 0 


ASSEMBLY COMPLETE.  0 WARNING(S), 0 ERROR(S)
