C51 COMPILER V9.60.0.0   EXP8_INTERRUPT                                                    11/10/2020 18:21:46 PAGE 1   


C51 COMPILER V9.60.0.0, COMPILATION OF MODULE EXP8_INTERRUPT
OBJECT MODULE PLACED IN .\Objects\exp8_interrupt.obj
COMPILER INVOKED BY: D:\Keil_v5\C51\BIN\C51.EXE exp8_interrupt.c OPTIMIZE(8,SPEED) BROWSE DEBUG OBJECTEXTEND PRINT(.\Lis
                    -tings\exp8_interrupt.lst) TABS(2) OBJECT(.\Objects\exp8_interrupt.obj)

line level    source

   1          #include "regx51.h"
   2          
   3          void init_uart();
   4          void delay(int t);
   5          char recivevalue;
   6          char id_stack[9];
   7          char ans[9] = {'E','9','4','0','7','6','1','0','2'};
   8          int index = 0;
   9          int check = 0;
  10          char c[7] = {'c','o','r','r','e','c','t'};
  11          int len_c = 7;
  12          char w[5] = {'w','r','o','n','g'};
  13          int len_w = 5;
  14          int i;
  15          int flag = 0;
  16          
  17          void main(){
  18   1        init_uart();
  19   1        while(1){
  20   2          
  21   2        }
  22   1      }
  23          
  24          void init_uart(void){
  25   1        SCON = 0x50;
  26   1        TMOD = 0x20;
  27   1        TH1 = 0xE6;
  28   1        TR1 = 1;
  29   1        IE = 0x90;
  30   1      }
  31          
  32          void UART_ISR(void) interrupt 4
  33          {
  34   1        if(RI == 1){
  35   2          flag = 1;
  36   2          RI = 0;
  37   2          recivevalue = SBUF;
  38   2          P1 = recivevalue;
  39   2          if(recivevalue == 0x0D){
  40   3            for(index; index > 0; index--){
  41   4              if(id_stack[index - 1] == ans[index - 1]){
  42   5                check++;
  43   5              }
  44   4            }
  45   3            if(check == 9){
  46   4              check = 0;
  47   4              SBUF = 0x0A;
  48   4              delay(10000);
  49   4              SBUF = 0x0D;
  50   4              delay(10000);
  51   4              for(i = 1; i <= len_c; i++){
  52   5                SBUF = c[i-1];
  53   5                delay(10000);
  54   5              }
C51 COMPILER V9.60.0.0   EXP8_INTERRUPT                                                    11/10/2020 18:21:46 PAGE 2   

  55   4              SBUF = 0x0A;
  56   4              delay(10000);
  57   4              SBUF = 0x0D;
  58   4            }
  59   3            else{
  60   4              check = 0;
  61   4              SBUF = 0x0A;
  62   4              delay(10000);
  63   4              SBUF = 0x0D;
  64   4              delay(10000);
  65   4              for(i = 1; i <= len_w; i++){
  66   5                SBUF = w[i-1];
  67   5                delay(10000);
  68   5              }
  69   4              SBUF = 0x0A;
  70   4              delay(10000);
  71   4              SBUF = 0x0D;
  72   4            }
  73   3          }
  74   2          else{
  75   3            id_stack[index] = recivevalue;
  76   3            index++;
  77   3          }
  78   2        }
  79   1        
  80   1        if(TI == 1){
  81   2          TI = 0;
  82   2          flag = 0;
  83   2        }
  84   1      }
  85          
  86          void delay(int t){
  87   1        for(;t>0;t--);
  88   1      }


MODULE INFORMATION:   STATIC OVERLAYABLE
   CODE SIZE        =    343    ----
   CONSTANT SIZE    =   ----    ----
   XDATA SIZE       =   ----    ----
   PDATA SIZE       =   ----    ----
   DATA SIZE        =     43    ----
   IDATA SIZE       =   ----    ----
   BIT SIZE         =   ----    ----
END OF MODULE INFORMATION.


C51 COMPILATION COMPLETE.  0 WARNING(S),  0 ERROR(S)
